// Jest Snapshot v1, https://goo.gl/fbAQLP

exports[`Spinner Spinner render 1`] = `ShallowWrapper {}`;
