// Jest Snapshot v1, https://goo.gl/fbAQLP

exports[`SearchPanel SearchPanel render 1`] = `ShallowWrapper {}`;
