// Jest Snapshot v1, https://goo.gl/fbAQLP

exports[`DatePicker DatePicker render 1`] = `ShallowWrapper {}`;
