// Jest Snapshot v1, https://goo.gl/fbAQLP

exports[`LocationInput LocationInput render 1`] = `ShallowWrapper {}`;
