// Jest Snapshot v1, https://goo.gl/fbAQLP

exports[`ServicesPicker ServicesPicker render 1`] = `ShallowWrapper {}`;
